2026-08-19 18:25:09.840 WARNING (SyncWorker_0) [homeassistant.loader] We found a custom integration hacs which has not been tested by Home Assistant. This component might cause stability problems, be sure to disable it if you experience issues with Home Assistant
2026-08-19 18:25:09.841 WARNING (SyncWorker_0) [homeassistant.loader] We found a custom integration spook_inverse which has not been tested by Home Assistant. This component might cause stability problems, be sure to disable it if you experience issues with Home Assistant
2026-08-19 18:25:09.842 WARNING (SyncWorker_0) [homeassistant.loader] We found a custom integration samsungtv_smart which has not been tested by Home Assistant. This component might cause stability problems, be sure to disable it if you experience issues with Home Assistant
2026-08-19 18:25:09.842 WARNING (SyncWorker_0) [homeassistant.loader] We found a custom integration spook which has not been tested by Home Assistant. This component might cause stability problems, be sure to disable it if you experience issues with Home Assistant
2026-08-19 18:25:09.843 WARNING (SyncWorker_0) [homeassistant.loader] We found a custom integration ai_agent_ha which has not been tested by Home Assistant. This component might cause stability problems, be sure to disable it if you experience issues with Home Assistant
2026-08-19 18:25:09.843 WARNING (SyncWorker_0) [homeassistant.loader] We found a custom integration midea_ac_lan which has not been tested by Home Assistant. This component might cause stability problems, be sure to disable it if you experience issues with Home Assistant
2026-08-19 18:25:09.843 WARNING (SyncWorker_0) [homeassistant.loader] We found a custom integration ha_washdata which has not been tested by Home Assistant. This component might cause stability problems, be sure to disable it if you experience issues with Home Assistant
2026-08-19 18:25:09.844 WARNING (SyncWorker_0) [homeassistant.loader] We found a custom integration auth_oidc which has not been tested by Home Assistant. This component might cause stability problems, be sure to disable it if you experience issues with Home Assistant
2026-08-19 18:25:09.844 WARNING (SyncWorker_0) [homeassistant.loader] We found a custom integration balter_evo which has not been tested by Home Assistant. This component might cause stability problems, be sure to disable it if you experience issues with Home Assistant
2026-08-19 18:25:16.441 INFO (SyncWorker_7) [fritzconnection] Unable to retrieve resource 'http://192.168.0.4:49000/igddesc.xml' from the device.
2026-08-19 18:25:24.183 WARNING (Klinaanlage) [midealan.device] [152832117257279] Unable to connect, sleep 5 seconds and retry
2026-08-19 18:25:32.194 WARNING (Klinaanlage) [midealan.device] [152832117257279] Unable to connect, sleep 10 seconds and retry
2026-08-19 18:25:32.822 WARNING (MainThread) [homeassistant.setup] Setup of automation is taking over 10 seconds.
2026-08-19 18:25:45.207 WARNING (Klinaanlage) [midealan.device] [152832117257279] Unable to connect, sleep 20 seconds and retry
2026-08-19 18:26:08.218 WARNING (Klinaanlage) [midealan.device] [152832117257279] Unable to connect, sleep 40 seconds and retry
2026-08-19 18:26:18.884 ERROR (MainThread) [homeassistant.components.websocket_api.http.connection] [5657346449712] Error during service call to lock.unlock: Türöffnen fehlgeschlagen: Keine Bestätigung vom Türöffner empfangen
2026-08-19 18:26:22.185 ERROR (MainThread) [homeassistant.components.websocket_api.http.connection] [5657346449712] Error during service call to lock.unlock: Türöffnen fehlgeschlagen: Keine Bestätigung vom Türöffner empfangen
2026-08-19 18:26:27.188 ERROR (MainThread) [homeassistant.components.websocket_api.http.connection] [5657346449712] Error during service call to lock.unlock: Türöffnen fehlgeschlagen: Keine Bestätigung vom Türöffner empfangen
2026-08-19 18:26:30.233 ERROR (MainThread) [homeassistant.components.websocket_api.http.connection] [5657346449712] Error during service call to lock.unlock: Türöffnen fehlgeschlagen: Keine Bestätigung vom Türöffner empfangen
2026-08-19 18:26:51.230 WARNING (Klinaanlage) [midealan.device] [152832117257279] Unable to connect, sleep 80 seconds and retry
