2026-08-19 18:30:26.049 WARNING (SyncWorker_0) [homeassistant.loader] We found a custom integration hacs which has not been tested by Home Assistant. This component might cause stability problems, be sure to disable it if you experience issues with Home Assistant
2026-08-19 18:30:26.049 WARNING (SyncWorker_0) [homeassistant.loader] We found a custom integration spook_inverse which has not been tested by Home Assistant. This component might cause stability problems, be sure to disable it if you experience issues with Home Assistant
2026-08-19 18:30:26.050 WARNING (SyncWorker_0) [homeassistant.loader] We found a custom integration samsungtv_smart which has not been tested by Home Assistant. This component might cause stability problems, be sure to disable it if you experience issues with Home Assistant
2026-08-19 18:30:26.051 WARNING (SyncWorker_0) [homeassistant.loader] We found a custom integration spook which has not been tested by Home Assistant. This component might cause stability problems, be sure to disable it if you experience issues with Home Assistant
2026-08-19 18:30:26.051 WARNING (SyncWorker_0) [homeassistant.loader] We found a custom integration ai_agent_ha which has not been tested by Home Assistant. This component might cause stability problems, be sure to disable it if you experience issues with Home Assistant
2026-08-19 18:30:26.052 WARNING (SyncWorker_0) [homeassistant.loader] We found a custom integration midea_ac_lan which has not been tested by Home Assistant. This component might cause stability problems, be sure to disable it if you experience issues with Home Assistant
2026-08-19 18:30:26.052 WARNING (SyncWorker_0) [homeassistant.loader] We found a custom integration ha_washdata which has not been tested by Home Assistant. This component might cause stability problems, be sure to disable it if you experience issues with Home Assistant
2026-08-19 18:30:26.053 WARNING (SyncWorker_0) [homeassistant.loader] We found a custom integration auth_oidc which has not been tested by Home Assistant. This component might cause stability problems, be sure to disable it if you experience issues with Home Assistant
2026-08-19 18:30:26.053 WARNING (SyncWorker_0) [homeassistant.loader] We found a custom integration balter_evo which has not been tested by Home Assistant. This component might cause stability problems, be sure to disable it if you experience issues with Home Assistant
2026-08-19 18:30:34.552 INFO (SyncWorker_9) [fritzconnection] Unable to retrieve resource 'http://192.168.0.4:49000/igddesc.xml' from the device.
2026-08-19 18:30:40.677 WARNING (Klinaanlage) [midealan.device] [152832117257279] Unable to connect, sleep 5 seconds and retry
2026-08-19 18:30:48.682 WARNING (Klinaanlage) [midealan.device] [152832117257279] Unable to connect, sleep 10 seconds and retry
2026-08-19 18:30:50.159 WARNING (MainThread) [homeassistant.setup] Setup of automation is taking over 10 seconds.
2026-08-19 18:31:01.690 WARNING (Klinaanlage) [midealan.device] [152832117257279] Unable to connect, sleep 20 seconds and retry
2026-08-19 18:31:07.128 ERROR (MainThread) [custom_components.balter_evo.lock] P2P door unlock failed: mismatched tag: line 6, column 2
2026-08-19 18:31:07.129 ERROR (MainThread) [homeassistant.components.websocket_api.http.connection] [2786949444624] Error during service call to lock.unlock: Türöffnen fehlgeschlagen: mismatched tag: line 6, column 2
2026-08-19 18:31:08.930 ERROR (MainThread) [custom_components.balter_evo.lock] P2P door unlock failed: Keine Bestätigung vom Türöffner empfangen
2026-08-19 18:31:08.931 ERROR (MainThread) [homeassistant.components.websocket_api.http.connection] [2786949444624] Error during service call to lock.unlock: Türöffnen fehlgeschlagen: Keine Bestätigung vom Türöffner empfangen
2026-08-19 18:31:24.096 ERROR (MainThread) [custom_components.balter_evo.lock] P2P door unlock failed: Keine Bestätigung vom Türöffner empfangen
2026-08-19 18:31:24.097 ERROR (MainThread) [homeassistant.components.websocket_api.http.connection] [2786949444624] Error during service call to lock.unlock: Türöffnen fehlgeschlagen: Keine Bestätigung vom Türöffner empfangen
2026-08-19 18:31:24.723 WARNING (Klinaanlage) [midealan.device] [152832117257279] Unable to connect, sleep 40 seconds and retry
